// Jest Snapshot v1, https://goo.gl/fbAQLP

exports[`测试 Svg的Group 和Button 类型 生成符合预期的规范 1`] = `
Object {
  "_class": "symbolMaster",
  "allowsOverrides": true,
  "backgroundColor": Object {
    "_class": "color",
    "alpha": 1,
    "blue": 1,
    "green": 1,
    "red": 1,
  },
  "booleanOperation": -1,
  "changeIdentifier": 0,
  "do_objectID": "UUID",
  "exportOptions": Object {
    "_class": "exportOptions",
    "exportFormats": Array [],
    "includedLayerIds": Array [],
    "layerOptions": 0,
    "shouldTrim": false,
  },
  "frame": Object {
    "_class": "rect",
    "constrainProportions": false,
    "height": 32,
    "width": 82,
    "x": 343,
    "y": 183,
  },
  "groupLayout": Object {
    "_class": "MSImmutableFreeformGroupLayout",
  },
  "hasBackgroundColor": false,
  "hasClickThrough": true,
  "horizontalRulerData": Object {
    "_class": "rulerData",
    "base": 0,
    "guides": Array [],
  },
  "includeBackgroundColorInExport": true,
  "includeBackgroundColorInInstance": false,
  "includeInCloudUpload": true,
  "isFixedToViewport": false,
  "isFlippedHorizontal": false,
  "isFlippedVertical": false,
  "isFlowHome": false,
  "isLocked": false,
  "isVisible": true,
  "layerListExpandedType": 0,
  "layers": Array [
    Object {
      "_class": "rectangle",
      "booleanOperation": -1,
      "clippingMaskMode": 0,
      "do_objectID": "UUID",
      "edited": false,
      "exportOptions": Object {
        "_class": "exportOptions",
        "exportFormats": Array [],
        "includedLayerIds": Array [],
        "layerOptions": 0,
        "shouldTrim": false,
      },
      "fixedRadius": 0,
      "frame": Object {
        "_class": "rect",
        "constrainProportions": false,
        "height": 32,
        "width": 82,
        "x": 0,
        "y": 0,
      },
      "hasClippingMask": false,
      "hasConvertedToNewRoundCorners": true,
      "isClosed": true,
      "isFixedToViewport": false,
      "isFlippedHorizontal": false,
      "isFlippedVertical": false,
      "isLocked": false,
      "isVisible": true,
      "layerListExpandedType": 0,
      "name": "ant-btn ant-btn-primary",
      "nameIsFixed": false,
      "needsConvertionToNewRoundCorners": false,
      "pointRadiusBehaviour": 1,
      "points": Array [
        Object {
          "_class": "curvePoint",
          "cornerRadius": 2,
          "curveFrom": "{0, 0}",
          "curveMode": 1,
          "curveTo": "{0, 0}",
          "hasCurveFrom": false,
          "hasCurveTo": false,
          "point": "{0, 0}",
        },
        Object {
          "_class": "curvePoint",
          "cornerRadius": 2,
          "curveFrom": "{1, 0}",
          "curveMode": 1,
          "curveTo": "{1, 0}",
          "hasCurveFrom": false,
          "hasCurveTo": false,
          "point": "{1, 0}",
        },
        Object {
          "_class": "curvePoint",
          "cornerRadius": 2,
          "curveFrom": "{1, 1}",
          "curveMode": 1,
          "curveTo": "{1, 1}",
          "hasCurveFrom": false,
          "hasCurveTo": false,
          "point": "{1, 1}",
        },
        Object {
          "_class": "curvePoint",
          "cornerRadius": 2,
          "curveFrom": "{0, 1}",
          "curveMode": 1,
          "curveTo": "{0, 1}",
          "hasCurveFrom": false,
          "hasCurveTo": false,
          "point": "{0, 1}",
        },
      ],
      "resizingConstraint": 63,
      "resizingType": 0,
      "rotation": 0,
      "shouldBreakMaskChain": false,
      "style": Object {
        "_class": "style",
        "borderOptions": Object {
          "_class": "borderOptions",
          "dashPattern": Array [],
          "isEnabled": true,
          "lineCapStyle": 0,
          "lineJoinStyle": 0,
        },
        "borders": Array [
          Object {
            "_class": "border",
            "color": Object {
              "_class": "color",
              "alpha": 1,
              "blue": 1,
              "green": 0.5647058823529412,
              "red": 0.09411764705882353,
            },
            "contextSettings": Object {
              "_class": "graphicsContextSettings",
              "blendMode": 0,
              "opacity": 1,
            },
            "fillType": 0,
            "gradient": Object {
              "_class": "gradient",
              "elipseLength": 0,
              "from": "{0.5, 0}",
              "gradientType": 0,
              "stops": Array [],
              "to": "{0.5, 1}",
            },
            "isEnabled": true,
            "position": 1,
            "thickness": 1,
          },
        ],
        "colorControls": Object {
          "_class": "colorControls",
          "brightness": 0,
          "contrast": 1,
          "hue": 0,
          "isEnabled": false,
          "saturation": 1,
        },
        "contextSettings": Object {
          "_class": "graphicsContextSettings",
          "blendMode": 0,
          "opacity": 1,
        },
        "do_objectID": "UUID",
        "endMarkerType": 0,
        "fills": Array [
          Object {
            "_class": "fill",
            "color": Object {
              "_class": "color",
              "alpha": 1,
              "blue": 1,
              "green": 0.5647058823529412,
              "red": 0.09411764705882353,
            },
            "contextSettings": Object {
              "_class": "graphicsContextSettings",
              "blendMode": 0,
              "opacity": 1,
            },
            "fillType": 0,
            "gradient": Object {
              "_class": "gradient",
              "elipseLength": 0,
              "from": "{0.5, 0}",
              "gradientType": 0,
              "stops": Array [],
              "to": "{0.5, 1}",
            },
            "isEnabled": true,
            "noiseIndex": 0,
            "noiseIntensity": 0,
            "patternFillType": 1,
            "patternTileScale": 1,
          },
        ],
        "innerShadows": Array [],
        "miterLimit": 10,
        "shadows": Array [
          Object {
            "_class": "shadow",
            "blurRadius": 0,
            "color": Object {
              "_class": "color",
              "alpha": 0.043,
              "blue": 0,
              "green": 0,
              "red": 0,
            },
            "contextSettings": Object {
              "_class": "graphicsContextSettings",
              "blendMode": 0,
              "opacity": 1,
            },
            "isEnabled": true,
            "offsetX": 0,
            "offsetY": 2,
            "spread": 0,
          },
        ],
        "startMarkerType": 0,
        "windingRule": 1,
      },
    },
    Object {
      "_class": "group",
      "booleanOperation": -1,
      "clippingMaskMode": 0,
      "do_objectID": "UUID",
      "exportOptions": Object {
        "_class": "exportOptions",
        "exportFormats": Array [],
        "includedLayerIds": Array [],
        "layerOptions": 0,
        "shouldTrim": false,
      },
      "frame": Object {
        "_class": "rect",
        "constrainProportions": false,
        "height": 14,
        "width": 14,
        "x": 16,
        "y": 8.75,
      },
      "groupLayout": Object {
        "_class": "MSImmutableFreeformGroupLayout",
      },
      "hasClickThrough": false,
      "hasClippingMask": false,
      "isFixedToViewport": false,
      "isFlippedHorizontal": false,
      "isFlippedVertical": false,
      "isLocked": false,
      "isVisible": true,
      "layerListExpandedType": 0,
      "layers": Array [
        Object {
          "_class": "shapePath",
          "booleanOperation": -1,
          "clippingMaskMode": 0,
          "do_objectID": "UUID",
          "edited": true,
          "exportOptions": Object {
            "_class": "exportOptions",
            "exportFormats": Array [],
            "includedLayerIds": Array [],
            "layerOptions": 0,
            "shouldTrim": false,
          },
          "frame": Object {
            "_class": "rect",
            "constrainProportions": false,
            "height": 4.09378781225861,
            "width": 5.81133329278406,
            "x": 4.09511460360797,
            "y": 4.57808718774139,
          },
          "isClosed": true,
          "isFixedToViewport": false,
          "isFlippedHorizontal": false,
          "isFlippedVertical": false,
          "isLocked": false,
          "isVisible": true,
          "layerListExpandedType": 0,
          "name": "路径",
          "nameIsFixed": false,
          "pointRadiusBehaviour": 1,
          "points": Array [
            Object {
              "_class": "curvePoint",
              "cornerRadius": 0,
              "curveFrom": "{0.5133248399992646, 0.004690048149804383}",
              "curveMode": 4,
              "curveTo": "{0.5173421906682137, 0.012604540006713702}",
              "hasCurveFrom": true,
              "hasCurveTo": false,
              "point": "{0.5173421906682137, 0.012604540006713702}",
            },
            Object {
              "_class": "curvePoint",
              "cornerRadius": 0,
              "curveFrom": "{0.493128049928784, -1.3559850626608662e-17}",
              "curveMode": 3,
              "curveTo": "{0.5068719500712158, -1.3559850626608662e-17}",
              "hasCurveFrom": true,
              "hasCurveTo": true,
              "point": "{0.49999999999999994, -1.3559850626608662e-17}",
            },
            Object {
              "_class": "curvePoint",
              "cornerRadius": 0,
              "curveFrom": "{0.48265780933178615, 0.012604540006713719}",
              "curveMode": 4,
              "curveTo": "{0.48667516000073524, 0.004690048149804397}",
              "hasCurveFrom": false,
              "hasCurveTo": true,
              "point": "{0.48265780933178615, 0.012604540006713719}",
            },
            Object {
              "_class": "curvePoint",
              "cornerRadius": 0,
              "curveFrom": "{-0.006149983456007961, 0.9717559860689973}",
              "curveMode": 4,
              "curveTo": "{0.004067121123714938, 0.9515271652805768}",
              "hasCurveFrom": true,
              "hasCurveTo": false,
              "point": "{0.004067121123714938, 0.9515271652805768}",
            },
            Object {
              "_class": "curvePoint",
              "cornerRadius": 0,
              "curveFrom": "{0.021543747378504056, 1}",
              "curveMode": 4,
              "curveTo": "{0.004067121123714938, 1}",
              "hasCurveFrom": false,
              "hasCurveTo": true,
              "point": "{0.021543747378504056, 1}",
            },
            Object {
              "_class": "curvePoint",
              "cornerRadius": 0,
              "curveFrom": "{0.1750691872474976, 1}",
              "curveMode": 4,
              "curveTo": "{0.14764432758613624, 1}",
              "hasCurveFrom": true,
              "hasCurveTo": false,
              "point": "{0.14764432758613624, 1}",
            },
            Object {
              "_class": "curvePoint",
              "cornerRadius": 0,
              "curveFrom": "{0.21728196143214204, 0.9496187859609144}",
              "curveMode": 4,
              "curveTo": "{0.20114969104310593, 0.9812978826673093}",
              "hasCurveFrom": false,
              "hasCurveTo": true,
              "point": "{0.21728196143214204, 0.9496187859609144}",
            },
            Object {
              "_class": "curvePoint",
              "cornerRadius": 0,
              "curveFrom": "{0.4998655644134246, 0.3946620798031108}",
              "curveMode": 1,
              "curveTo": "{0.4998655644134246, 0.3946620798031108}",
              "hasCurveFrom": false,
              "hasCurveTo": false,
              "point": "{0.4998655644134246, 0.3946620798031108}",
            },
            Object {
              "_class": "curvePoint",
              "cornerRadius": 0,
              "curveFrom": "{0.7988503089568939, 0.9812978826673089}",
              "curveMode": 4,
              "curveTo": "{0.7827180385678578, 0.9496187859609144}",
              "hasCurveFrom": true,
              "hasCurveTo": false,
              "point": "{0.7827180385678578, 0.9496187859609144}",
            },
            Object {
              "_class": "curvePoint",
              "cornerRadius": 0,
              "curveFrom": "{0.8523556724138636, 1}",
              "curveMode": 4,
              "curveTo": "{0.8246619415793518, 1}",
              "hasCurveFrom": false,
              "hasCurveTo": true,
              "point": "{0.8523556724138636, 1}",
            },
            Object {
              "_class": "curvePoint",
              "cornerRadius": 0,
              "curveFrom": "{0.9959328788762849, 1}",
              "curveMode": 4,
              "curveTo": "{0.9784562526214958, 1}",
              "hasCurveFrom": true,
              "hasCurveTo": false,
              "point": "{0.9784562526214958, 1}",
            },
            Object {
              "_class": "curvePoint",
              "cornerRadius": 0,
              "curveFrom": "{0.9959328788762849, 0.9515271652805768}",
              "curveMode": 4,
              "curveTo": "{1.0061499834560077, 0.9717559860689977}",
              "hasCurveFrom": false,
              "hasCurveTo": true,
              "point": "{0.9959328788762849, 0.9515271652805768}",
            },
          ],
          "resizingConstraint": 63,
          "resizingType": 0,
          "rotation": 0,
          "shouldBreakMaskChain": false,
          "style": Object {
            "_class": "style",
            "borderOptions": Object {
              "_class": "borderOptions",
              "dashPattern": Array [],
              "isEnabled": true,
              "lineCapStyle": 0,
              "lineJoinStyle": 0,
            },
            "borders": Array [],
            "colorControls": Object {
              "_class": "colorControls",
              "brightness": 0,
              "contrast": 1,
              "hue": 0,
              "isEnabled": false,
              "saturation": 1,
            },
            "contextSettings": Object {
              "_class": "graphicsContextSettings",
              "blendMode": 0,
              "opacity": 1,
            },
            "do_objectID": "UUID",
            "endMarkerType": 0,
            "fills": Array [
              Object {
                "_class": "fill",
                "color": Object {
                  "_class": "color",
                  "alpha": 1,
                  "blue": 1,
                  "green": 1,
                  "red": 1,
                },
                "contextSettings": Object {
                  "_class": "graphicsContextSettings",
                  "blendMode": 0,
                  "opacity": 1,
                },
                "fillType": 0,
                "gradient": Object {
                  "_class": "gradient",
                  "elipseLength": 0,
                  "from": "{0.5, 0}",
                  "gradientType": 0,
                  "stops": Array [],
                  "to": "{0.5, 1}",
                },
                "isEnabled": true,
                "noiseIndex": 0,
                "noiseIntensity": 0,
                "patternFillType": 1,
                "patternTileScale": 1,
              },
            ],
            "innerShadows": Array [],
            "miterLimit": 10,
            "shadows": Array [],
            "startMarkerType": 0,
            "windingRule": 1,
          },
        },
        Object {
          "_class": "shapeGroup",
          "booleanOperation": -1,
          "clippingMaskMode": 0,
          "do_objectID": "UUID",
          "exportOptions": Object {
            "_class": "exportOptions",
            "exportFormats": Array [],
            "includedLayerIds": Array [],
            "layerOptions": 0,
            "shouldTrim": false,
          },
          "frame": Object {
            "_class": "rect",
            "constrainProportions": false,
            "height": 14,
            "width": 14,
            "x": 0,
            "y": 0,
          },
          "hasClickThrough": false,
          "hasClippingMask": false,
          "isFixedToViewport": false,
          "isFlippedHorizontal": false,
          "isFlippedVertical": false,
          "isLocked": false,
          "isVisible": true,
          "layerListExpandedType": 0,
          "layers": Array [
            Object {
              "_class": "shapePath",
              "booleanOperation": -1,
              "clippingMaskMode": 0,
              "do_objectID": "UUID",
              "edited": true,
              "exportOptions": Object {
                "_class": "exportOptions",
                "exportFormats": Array [],
                "includedLayerIds": Array [],
                "layerOptions": 0,
                "shouldTrim": false,
              },
              "frame": Object {
                "_class": "rect",
                "constrainProportions": false,
                "height": 14,
                "width": 14,
                "x": 0,
                "y": 0,
              },
              "isClosed": true,
              "isFixedToViewport": false,
              "isFlippedHorizontal": false,
              "isFlippedVertical": false,
              "isLocked": false,
              "isVisible": true,
              "layerListExpandedType": 0,
              "name": "路径",
              "nameIsFixed": false,
              "pointRadiusBehaviour": 1,
              "points": Array [
                Object {
                  "_class": "curvePoint",
                  "cornerRadius": 0,
                  "curveFrom": "{0.2238839285714286, 0}",
                  "curveMode": 3,
                  "curveTo": "{0.7761160714285714, 0}",
                  "hasCurveFrom": true,
                  "hasCurveTo": true,
                  "point": "{0.5, 0}",
                },
                Object {
                  "_class": "curvePoint",
                  "cornerRadius": 0,
                  "curveFrom": "{0, 0.7761160714285714}",
                  "curveMode": 3,
                  "curveTo": "{0, 0.2238839285714286}",
                  "hasCurveFrom": true,
                  "hasCurveTo": true,
                  "point": "{0, 0.5}",
                },
                Object {
                  "_class": "curvePoint",
                  "cornerRadius": 0,
                  "curveFrom": "{0.7761160714285714, 1}",
                  "curveMode": 3,
                  "curveTo": "{0.2238839285714286, 1}",
                  "hasCurveFrom": true,
                  "hasCurveTo": true,
                  "point": "{0.5, 1}",
                },
                Object {
                  "_class": "curvePoint",
                  "cornerRadius": 0,
                  "curveFrom": "{1, 0.2238839285714286}",
                  "curveMode": 3,
                  "curveTo": "{1, 0.7761160714285714}",
                  "hasCurveFrom": true,
                  "hasCurveTo": true,
                  "point": "{1, 0.5}",
                },
              ],
              "resizingConstraint": 63,
              "resizingType": 0,
              "rotation": 0,
              "shouldBreakMaskChain": false,
              "style": Object {
                "_class": "style",
                "borderOptions": Object {
                  "_class": "borderOptions",
                  "dashPattern": Array [],
                  "isEnabled": true,
                  "lineCapStyle": 0,
                  "lineJoinStyle": 0,
                },
                "borders": Array [],
                "colorControls": Object {
                  "_class": "colorControls",
                  "brightness": 0,
                  "contrast": 1,
                  "hue": 0,
                  "isEnabled": false,
                  "saturation": 1,
                },
                "contextSettings": Object {
                  "_class": "graphicsContextSettings",
                  "blendMode": 0,
                  "opacity": 1,
                },
                "do_objectID": "UUID",
                "endMarkerType": 0,
                "fills": Array [],
                "innerShadows": Array [],
                "miterLimit": 10,
                "shadows": Array [],
                "startMarkerType": 0,
                "windingRule": 1,
              },
            },
            Object {
              "_class": "shapePath",
              "booleanOperation": -1,
              "clippingMaskMode": 0,
              "do_objectID": "UUID",
              "edited": true,
              "exportOptions": Object {
                "_class": "exportOptions",
                "exportFormats": Array [],
                "includedLayerIds": Array [],
                "layerOptions": 0,
                "shouldTrim": false,
              },
              "frame": Object {
                "_class": "rect",
                "constrainProportions": false,
                "height": 11.625,
                "width": 11.625,
                "x": 1.1875,
                "y": 1.1875,
              },
              "isClosed": true,
              "isFixedToViewport": false,
              "isFlippedHorizontal": false,
              "isFlippedVertical": false,
              "isLocked": false,
              "isVisible": true,
              "layerListExpandedType": 0,
              "name": "路径",
              "nameIsFixed": false,
              "pointRadiusBehaviour": 1,
              "points": Array [
                Object {
                  "_class": "curvePoint",
                  "cornerRadius": 0,
                  "curveFrom": "{0.22392473118279574, 1}",
                  "curveMode": 3,
                  "curveTo": "{0.7760752688172042, 1}",
                  "hasCurveFrom": true,
                  "hasCurveTo": true,
                  "point": "{0.5, 1}",
                },
                Object {
                  "_class": "curvePoint",
                  "cornerRadius": 0,
                  "curveFrom": "{0, 0.22392473118279574}",
                  "curveMode": 3,
                  "curveTo": "{0, 0.7760752688172042}",
                  "hasCurveFrom": true,
                  "hasCurveTo": true,
                  "point": "{0, 0.5}",
                },
                Object {
                  "_class": "curvePoint",
                  "cornerRadius": 0,
                  "curveFrom": "{0.7760752688172042, 0}",
                  "curveMode": 3,
                  "curveTo": "{0.22392473118279574, 0}",
                  "hasCurveFrom": true,
                  "hasCurveTo": true,
                  "point": "{0.5, 0}",
                },
                Object {
                  "_class": "curvePoint",
                  "cornerRadius": 0,
                  "curveFrom": "{1, 0.7760752688172042}",
                  "curveMode": 3,
                  "curveTo": "{1, 0.22392473118279574}",
                  "hasCurveFrom": true,
                  "hasCurveTo": true,
                  "point": "{1, 0.5}",
                },
              ],
              "resizingConstraint": 63,
              "resizingType": 0,
              "rotation": 0,
              "shouldBreakMaskChain": false,
              "style": Object {
                "_class": "style",
                "borderOptions": Object {
                  "_class": "borderOptions",
                  "dashPattern": Array [],
                  "isEnabled": true,
                  "lineCapStyle": 0,
                  "lineJoinStyle": 0,
                },
                "borders": Array [],
                "colorControls": Object {
                  "_class": "colorControls",
                  "brightness": 0,
                  "contrast": 1,
                  "hue": 0,
                  "isEnabled": false,
                  "saturation": 1,
                },
                "contextSettings": Object {
                  "_class": "graphicsContextSettings",
                  "blendMode": 0,
                  "opacity": 1,
                },
                "do_objectID": "UUID",
                "endMarkerType": 0,
                "fills": Array [],
                "innerShadows": Array [],
                "miterLimit": 10,
                "shadows": Array [],
                "startMarkerType": 0,
                "windingRule": 1,
              },
            },
          ],
          "name": "shapeGroup",
          "nameIsFixed": false,
          "resizingConstraint": 63,
          "resizingType": 0,
          "rotation": 0,
          "shouldBreakMaskChain": false,
          "style": Object {
            "_class": "style",
            "borderOptions": Object {
              "_class": "borderOptions",
              "dashPattern": Array [],
              "isEnabled": true,
              "lineCapStyle": 0,
              "lineJoinStyle": 0,
            },
            "borders": Array [],
            "colorControls": Object {
              "_class": "colorControls",
              "brightness": 0,
              "contrast": 1,
              "hue": 0,
              "isEnabled": false,
              "saturation": 1,
            },
            "contextSettings": Object {
              "_class": "graphicsContextSettings",
              "blendMode": 0,
              "opacity": 1,
            },
            "do_objectID": "UUID",
            "endMarkerType": 0,
            "fills": Array [
              Object {
                "_class": "fill",
                "color": Object {
                  "_class": "color",
                  "alpha": 1,
                  "blue": 1,
                  "green": 1,
                  "red": 1,
                },
                "contextSettings": Object {
                  "_class": "graphicsContextSettings",
                  "blendMode": 0,
                  "opacity": 1,
                },
                "fillType": 0,
                "gradient": Object {
                  "_class": "gradient",
                  "elipseLength": 0,
                  "from": "{0.5, 0}",
                  "gradientType": 0,
                  "stops": Array [],
                  "to": "{0.5, 1}",
                },
                "isEnabled": true,
                "noiseIndex": 0,
                "noiseIntensity": 0,
                "patternFillType": 1,
                "patternTileScale": 1,
              },
            ],
            "innerShadows": Array [],
            "miterLimit": 10,
            "shadows": Array [],
            "startMarkerType": 0,
            "windingRule": 1,
          },
          "windingRule": 1,
        },
      ],
      "name": "up-circle",
      "nameIsFixed": false,
      "resizingConstraint": 63,
      "resizingType": 0,
      "rotation": 0,
      "shouldBreakMaskChain": false,
      "style": Object {
        "_class": "style",
        "borderOptions": Object {
          "_class": "borderOptions",
          "dashPattern": Array [],
          "isEnabled": true,
          "lineCapStyle": 0,
          "lineJoinStyle": 0,
        },
        "borders": Array [],
        "colorControls": Object {
          "_class": "colorControls",
          "brightness": 0,
          "contrast": 1,
          "hue": 0,
          "isEnabled": false,
          "saturation": 1,
        },
        "contextSettings": Object {
          "_class": "graphicsContextSettings",
          "blendMode": 0,
          "opacity": 1,
        },
        "do_objectID": "UUID",
        "endMarkerType": 0,
        "fills": Array [],
        "innerShadows": Array [],
        "miterLimit": 10,
        "shadows": Array [],
        "startMarkerType": 0,
        "windingRule": 1,
      },
    },
    Object {
      "_class": "text",
      "attributedString": Object {
        "_class": "attributedString",
        "attributes": Array [
          Object {
            "_class": "stringAttribute",
            "attributes": Object {
              "MSAttributedStringColorAttribute": Object {
                "_class": "color",
                "alpha": 1,
                "blue": 1,
                "green": 1,
                "red": 1,
              },
              "MSAttributedStringFontAttribute": Object {
                "_class": "fontDescriptor",
                "attributes": Object {
                  "name": "PingFangSC-Regular",
                  "size": 14,
                },
              },
              "MSAttributedStringTextTransformAttribute": 0,
              "kerning": 0,
              "paragraphStyle": Object {
                "_class": "paragraphStyle",
                "alignment": 2,
                "maximumLineHeight": 22.001,
                "minimumLineHeight": 22.001,
              },
              "strikethroughStyle": 0,
              "underlineStyle": 0,
            },
            "length": 2,
            "location": 0,
          },
        ],
        "string": "文本",
      },
      "automaticallyDrawOnUnderlyingPath": false,
      "booleanOperation": -1,
      "clippingMaskMode": 0,
      "do_objectID": "UUID",
      "dontSynchroniseWithSymbol": false,
      "exportOptions": Object {
        "_class": "exportOptions",
        "exportFormats": Array [],
        "includedLayerIds": Array [],
        "layerOptions": 0,
        "shouldTrim": false,
      },
      "frame": Object {
        "_class": "rect",
        "constrainProportions": false,
        "height": 22,
        "width": 28,
        "x": 38,
        "y": 5,
      },
      "glyphBounds": "",
      "hasClippingMask": false,
      "isFixedToViewport": false,
      "isFlippedHorizontal": false,
      "isFlippedVertical": false,
      "isLocked": false,
      "isVisible": true,
      "layerListExpandedType": 0,
      "lineSpacingBehaviour": 2,
      "name": "文本",
      "nameIsFixed": false,
      "resizingConstraint": 63,
      "resizingType": 0,
      "rotation": 0,
      "shouldBreakMaskChain": false,
      "style": Object {
        "_class": "style",
        "borderOptions": Object {
          "_class": "borderOptions",
          "dashPattern": Array [],
          "isEnabled": true,
          "lineCapStyle": 0,
          "lineJoinStyle": 0,
        },
        "borders": Array [],
        "colorControls": Object {
          "_class": "colorControls",
          "brightness": 0,
          "contrast": 1,
          "hue": 0,
          "isEnabled": false,
          "saturation": 1,
        },
        "contextSettings": Object {
          "_class": "graphicsContextSettings",
          "blendMode": 0,
          "opacity": 1,
        },
        "do_objectID": "UUID",
        "endMarkerType": 0,
        "fills": Array [],
        "innerShadows": Array [],
        "miterLimit": 10,
        "shadows": Array [],
        "startMarkerType": 0,
        "windingRule": 1,
      },
      "textBehaviour": 0,
    },
  ],
  "name": "按钮",
  "nameIsFixed": false,
  "overrideProperties": Array [
    Object {
      "_class": "MSImmutableOverrideProperty",
      "canOverride": true,
      "overrideName": "UUID_stringValue",
    },
  ],
  "resizesContent": false,
  "resizingConstraint": 1,
  "resizingType": 1,
  "rotation": 0,
  "sharedStyleID": "",
  "shouldBreakMaskChain": false,
  "symbolID": "UUID",
  "verticalRulerData": Object {
    "_class": "rulerData",
    "base": 0,
    "guides": Array [],
  },
}
`;
