// Jest Snapshot v1, https://goo.gl/fbAQLP

exports[`parseToSvg SVG 图形正常解析 1`] = `
Object {
  "_class": "shapeGroup",
  "booleanOperation": -1,
  "clippingMaskMode": 0,
  "do_objectID": "UUID",
  "exportOptions": Object {
    "_class": "exportOptions",
    "exportFormats": Array [],
    "includedLayerIds": Array [],
    "layerOptions": 0,
    "shouldTrim": false,
  },
  "frame": Object {
    "_class": "rect",
    "constrainProportions": false,
    "height": 299.9999694824219,
    "width": 271.4214039295014,
    "x": 0.18213367462158203,
    "y": -14.107152938842773,
  },
  "hasClickThrough": false,
  "hasClippingMask": false,
  "isFixedToViewport": false,
  "isFlippedHorizontal": false,
  "isFlippedVertical": false,
  "isLocked": false,
  "isVisible": true,
  "layerListExpandedType": 0,
  "layers": Array [
    Object {
      "_class": "shapePath",
      "booleanOperation": -1,
      "clippingMaskMode": 0,
      "do_objectID": "UUID",
      "edited": true,
      "exportOptions": Object {
        "_class": "exportOptions",
        "exportFormats": Array [],
        "includedLayerIds": Array [],
        "layerOptions": 0,
        "shouldTrim": false,
      },
      "frame": Object {
        "_class": "rect",
        "constrainProportions": false,
        "height": 198.30707708573908,
        "width": 271.31777666152766,
        "x": 0,
        "y": 101.69289239668281,
      },
      "isClosed": true,
      "isFixedToViewport": false,
      "isFlippedHorizontal": false,
      "isFlippedVertical": false,
      "isLocked": false,
      "isVisible": true,
      "layerListExpandedType": 0,
      "name": "路径",
      "nameIsFixed": false,
      "pointRadiusBehaviour": 1,
      "points": Array [
        Object {
          "_class": "curvePoint",
          "cornerRadius": 0,
          "curveFrom": "{0.6980017075466574, -0.020465632616830612}",
          "curveMode": 4,
          "curveTo": "{0.09400512426958467, 0.0043994962081558365}",
          "hasCurveFrom": true,
          "hasCurveTo": false,
          "point": "{0.09400512426958467, 0.0043994962081558365}",
        },
        Object {
          "_class": "curvePoint",
          "cornerRadius": 0,
          "curveFrom": "{1, 0.5249051517030364}",
          "curveMode": 3,
          "curveTo": "{1, 0.06006902791423536}",
          "hasCurveFrom": true,
          "hasCurveTo": true,
          "point": "{1, 0.24600347780135368}",
        },
        Object {
          "_class": "curvePoint",
          "cornerRadius": 0,
          "curveFrom": "{0.7902668800304646, 0.9941781920755665}",
          "curveMode": 3,
          "curveTo": "{0.954103919510996, 0.7606873566513043}",
          "hasCurveFrom": true,
          "hasCurveTo": true,
          "point": "{0.8986796526806633, 0.8396747353768305}",
        },
        Object {
          "_class": "curvePoint",
          "cornerRadius": 0,
          "curveFrom": "{0.256881560861486, 0.8202868078573915}",
          "curveMode": 3,
          "curveTo": "{0.512145179343501, 1.0125548715363517}",
          "hasCurveFrom": true,
          "hasCurveTo": true,
          "point": "{0.3206656371006329, 0.9941781920755665}",
        },
        Object {
          "_class": "curvePoint",
          "cornerRadius": 0,
          "curveFrom": "{0, 0.5423310625281698}",
          "curveMode": 4,
          "curveTo": "{0.14999301561394535, 0.6696710961502698}",
          "hasCurveFrom": false,
          "hasCurveTo": true,
          "point": "{0, 0.5423310625281698}",
        },
      ],
      "resizingConstraint": 63,
      "resizingType": 0,
      "rotation": 0,
      "shouldBreakMaskChain": false,
      "style": Object {
        "_class": "style",
        "borderOptions": Object {
          "_class": "borderOptions",
          "dashPattern": Array [],
          "isEnabled": true,
          "lineCapStyle": 0,
          "lineJoinStyle": 0,
        },
        "borders": Array [],
        "colorControls": Object {
          "_class": "colorControls",
          "brightness": 0,
          "contrast": 1,
          "hue": 0,
          "isEnabled": false,
          "saturation": 1,
        },
        "contextSettings": Object {
          "_class": "graphicsContextSettings",
          "blendMode": 0,
          "opacity": 1,
        },
        "do_objectID": "UUID",
        "endMarkerType": 0,
        "fills": Array [],
        "innerShadows": Array [],
        "miterLimit": 10,
        "shadows": Array [],
        "startMarkerType": 0,
        "windingRule": 1,
      },
    },
    Object {
      "_class": "shapePath",
      "booleanOperation": -1,
      "clippingMaskMode": 0,
      "do_objectID": "UUID",
      "edited": true,
      "exportOptions": Object {
        "_class": "exportOptions",
        "exportFormats": Array [],
        "includedLayerIds": Array [],
        "layerOptions": 0,
        "shouldTrim": false,
      },
      "frame": Object {
        "_class": "rect",
        "constrainProportions": false,
        "height": 84.49652289169961,
        "width": 103.40706012140973,
        "x": 104.7772428868403,
        "y": 145.8179585309345,
      },
      "isClosed": true,
      "isFixedToViewport": false,
      "isFlippedHorizontal": false,
      "isFlippedVertical": false,
      "isLocked": false,
      "isVisible": true,
      "layerListExpandedType": 0,
      "name": "路径",
      "nameIsFixed": false,
      "pointRadiusBehaviour": 1,
      "points": Array [
        Object {
          "_class": "curvePoint",
          "cornerRadius": 0,
          "curveFrom": "{0, 0}",
          "curveMode": 1,
          "curveTo": "{0, 0}",
          "hasCurveFrom": false,
          "hasCurveTo": false,
          "point": "{0, 0}",
        },
        Object {
          "_class": "curvePoint",
          "cornerRadius": 0,
          "curveFrom": "{1, 0}",
          "curveMode": 1,
          "curveTo": "{1, 0}",
          "hasCurveFrom": false,
          "hasCurveTo": false,
          "point": "{1, 0}",
        },
        Object {
          "_class": "curvePoint",
          "cornerRadius": 0,
          "curveFrom": "{1, 1}",
          "curveMode": 1,
          "curveTo": "{1, 1}",
          "hasCurveFrom": false,
          "hasCurveTo": false,
          "point": "{1, 1}",
        },
        Object {
          "_class": "curvePoint",
          "cornerRadius": 0,
          "curveFrom": "{0, 1}",
          "curveMode": 1,
          "curveTo": "{0, 1}",
          "hasCurveFrom": false,
          "hasCurveTo": false,
          "point": "{0, 1}",
        },
      ],
      "resizingConstraint": 63,
      "resizingType": 0,
      "rotation": 0,
      "shouldBreakMaskChain": false,
      "style": Object {
        "_class": "style",
        "borderOptions": Object {
          "_class": "borderOptions",
          "dashPattern": Array [],
          "isEnabled": true,
          "lineCapStyle": 0,
          "lineJoinStyle": 0,
        },
        "borders": Array [],
        "colorControls": Object {
          "_class": "colorControls",
          "brightness": 0,
          "contrast": 1,
          "hue": 0,
          "isEnabled": false,
          "saturation": 1,
        },
        "contextSettings": Object {
          "_class": "graphicsContextSettings",
          "blendMode": 0,
          "opacity": 1,
        },
        "do_objectID": "UUID",
        "endMarkerType": 0,
        "fills": Array [],
        "innerShadows": Array [],
        "miterLimit": 10,
        "shadows": Array [],
        "startMarkerType": 0,
        "windingRule": 1,
      },
    },
    Object {
      "_class": "shapePath",
      "booleanOperation": -1,
      "clippingMaskMode": 0,
      "do_objectID": "UUID",
      "edited": true,
      "exportOptions": Object {
        "_class": "exportOptions",
        "exportFormats": Array [],
        "includedLayerIds": Array [],
        "layerOptions": 0,
        "shouldTrim": false,
      },
      "frame": Object {
        "_class": "rect",
        "constrainProportions": false,
        "height": 84.49652289169964,
        "width": 103.4070601214097,
        "x": 168.01434380809172,
        "y": 0,
      },
      "isClosed": true,
      "isFixedToViewport": false,
      "isFlippedHorizontal": false,
      "isFlippedVertical": false,
      "isLocked": false,
      "isVisible": true,
      "layerListExpandedType": 0,
      "name": "路径",
      "nameIsFixed": false,
      "pointRadiusBehaviour": 1,
      "points": Array [
        Object {
          "_class": "curvePoint",
          "cornerRadius": 0,
          "curveFrom": "{0, 0}",
          "curveMode": 1,
          "curveTo": "{0, 0}",
          "hasCurveFrom": false,
          "hasCurveTo": false,
          "point": "{0, 0}",
        },
        Object {
          "_class": "curvePoint",
          "cornerRadius": 0,
          "curveFrom": "{0.8404733615907373, 0}",
          "curveMode": 4,
          "curveTo": "{0.6436872802316591, 0}",
          "hasCurveFrom": true,
          "hasCurveTo": false,
          "point": "{0.6436872802316591, 0}",
        },
        Object {
          "_class": "curvePoint",
          "cornerRadius": 0,
          "curveFrom": "{1, 0.4360564147986646}",
          "curveMode": 4,
          "curveTo": "{1, 0.19522910676568778}",
          "hasCurveFrom": false,
          "hasCurveTo": true,
          "point": "{1, 0.4360564147986646}",
        },
        Object {
          "_class": "curvePoint",
          "cornerRadius": 0,
          "curveFrom": "{1, 1}",
          "curveMode": 1,
          "curveTo": "{1, 1}",
          "hasCurveFrom": false,
          "hasCurveTo": false,
          "point": "{1, 1}",
        },
        Object {
          "_class": "curvePoint",
          "cornerRadius": 0,
          "curveFrom": "{0, 1}",
          "curveMode": 1,
          "curveTo": "{0, 1}",
          "hasCurveFrom": false,
          "hasCurveTo": false,
          "point": "{0, 1}",
        },
      ],
      "resizingConstraint": 63,
      "resizingType": 0,
      "rotation": 0,
      "shouldBreakMaskChain": false,
      "style": Object {
        "_class": "style",
        "borderOptions": Object {
          "_class": "borderOptions",
          "dashPattern": Array [],
          "isEnabled": true,
          "lineCapStyle": 0,
          "lineJoinStyle": 0,
        },
        "borders": Array [],
        "colorControls": Object {
          "_class": "colorControls",
          "brightness": 0,
          "contrast": 1,
          "hue": 0,
          "isEnabled": false,
          "saturation": 1,
        },
        "contextSettings": Object {
          "_class": "graphicsContextSettings",
          "blendMode": 0,
          "opacity": 1,
        },
        "do_objectID": "UUID",
        "endMarkerType": 0,
        "fills": Array [],
        "innerShadows": Array [],
        "miterLimit": 10,
        "shadows": Array [],
        "startMarkerType": 0,
        "windingRule": 1,
      },
    },
    Object {
      "_class": "shapePath",
      "booleanOperation": -1,
      "clippingMaskMode": 0,
      "do_objectID": "UUID",
      "edited": true,
      "exportOptions": Object {
        "_class": "exportOptions",
        "exportFormats": Array [],
        "includedLayerIds": Array [],
        "layerOptions": 0,
        "shouldTrim": false,
      },
      "frame": Object {
        "_class": "rect",
        "constrainProportions": false,
        "height": 84.49652289169964,
        "width": 103.40706012140973,
        "x": 23.580960534469014,
        "y": 0,
      },
      "isClosed": false,
      "isFixedToViewport": false,
      "isFlippedHorizontal": false,
      "isFlippedVertical": false,
      "isLocked": false,
      "isVisible": true,
      "layerListExpandedType": 0,
      "name": "路径",
      "nameIsFixed": false,
      "pointRadiusBehaviour": 1,
      "points": Array [
        Object {
          "_class": "curvePoint",
          "cornerRadius": 0,
          "curveFrom": "{0, 0}",
          "curveMode": 1,
          "curveTo": "{0, 0}",
          "hasCurveFrom": false,
          "hasCurveTo": false,
          "point": "{0, 0}",
        },
        Object {
          "_class": "curvePoint",
          "cornerRadius": 0,
          "curveFrom": "{0.8404733615907372, 0}",
          "curveMode": 4,
          "curveTo": "{0.6436872802316591, 0}",
          "hasCurveFrom": true,
          "hasCurveTo": false,
          "point": "{0.6436872802316591, 0}",
        },
        Object {
          "_class": "curvePoint",
          "cornerRadius": 0,
          "curveFrom": "{1, 0.4360564147986646}",
          "curveMode": 4,
          "curveTo": "{1, 0.19522910676568778}",
          "hasCurveFrom": false,
          "hasCurveTo": true,
          "point": "{1, 0.4360564147986646}",
        },
        Object {
          "_class": "curvePoint",
          "cornerRadius": 0,
          "curveFrom": "{1, 1}",
          "curveMode": 1,
          "curveTo": "{1, 1}",
          "hasCurveFrom": false,
          "hasCurveTo": false,
          "point": "{1, 1}",
        },
        Object {
          "_class": "curvePoint",
          "cornerRadius": 0,
          "curveFrom": "{0, 1}",
          "curveMode": 1,
          "curveTo": "{0, 1}",
          "hasCurveFrom": false,
          "hasCurveTo": false,
          "point": "{0, 1}",
        },
      ],
      "resizingConstraint": 63,
      "resizingType": 0,
      "rotation": 0,
      "shouldBreakMaskChain": false,
      "style": Object {
        "_class": "style",
        "borderOptions": Object {
          "_class": "borderOptions",
          "dashPattern": Array [],
          "isEnabled": true,
          "lineCapStyle": 0,
          "lineJoinStyle": 0,
        },
        "borders": Array [],
        "colorControls": Object {
          "_class": "colorControls",
          "brightness": 0,
          "contrast": 1,
          "hue": 0,
          "isEnabled": false,
          "saturation": 1,
        },
        "contextSettings": Object {
          "_class": "graphicsContextSettings",
          "blendMode": 0,
          "opacity": 1,
        },
        "do_objectID": "UUID",
        "endMarkerType": 0,
        "fills": Array [],
        "innerShadows": Array [],
        "miterLimit": 10,
        "shadows": Array [],
        "startMarkerType": 0,
        "windingRule": 1,
      },
    },
  ],
  "name": "shapeGroup",
  "nameIsFixed": false,
  "resizingConstraint": 63,
  "resizingType": 0,
  "rotation": 0,
  "shouldBreakMaskChain": false,
  "style": Object {
    "_class": "style",
    "borderOptions": Object {
      "_class": "borderOptions",
      "dashPattern": Array [],
      "isEnabled": true,
      "lineCapStyle": 0,
      "lineJoinStyle": 0,
    },
    "borders": Array [],
    "colorControls": Object {
      "_class": "colorControls",
      "brightness": 0,
      "contrast": 1,
      "hue": 0,
      "isEnabled": false,
      "saturation": 1,
    },
    "contextSettings": Object {
      "_class": "graphicsContextSettings",
      "blendMode": 0,
      "opacity": 1,
    },
    "do_objectID": "UUID",
    "endMarkerType": 0,
    "fills": Array [
      Object {
        "_class": "fill",
        "color": Object {
          "_class": "color",
          "alpha": 1,
          "blue": 0.6666666666666666,
          "green": 0.6666666666666666,
          "red": 0.6666666666666666,
        },
        "contextSettings": Object {
          "_class": "graphicsContextSettings",
          "blendMode": 0,
          "opacity": 1,
        },
        "fillType": 0,
        "gradient": Object {
          "_class": "gradient",
          "elipseLength": 0,
          "from": "{0, 0}",
          "gradientType": 0,
          "stops": Array [],
          "to": "{1, 0}",
        },
        "isEnabled": true,
        "noiseIndex": 0,
        "noiseIntensity": 0,
        "patternFillType": 1,
        "patternTileScale": 1,
      },
    ],
    "innerShadows": Array [],
    "miterLimit": 10,
    "shadows": Array [],
    "startMarkerType": 0,
    "windingRule": 1,
  },
  "windingRule": 1,
}
`;
