// Jest Snapshot v1, https://goo.gl/fbAQLP

exports[`parseToSvg SVG 图形正常解析 1`] = `
Object {
  "_class": "group",
  "booleanOperation": -1,
  "clippingMaskMode": 0,
  "do_objectID": "UUID",
  "exportOptions": Object {
    "_class": "exportOptions",
    "exportFormats": Array [],
    "includedLayerIds": Array [],
    "layerOptions": 0,
    "shouldTrim": false,
  },
  "frame": Object {
    "_class": "rect",
    "constrainProportions": false,
    "height": 300,
    "width": 300,
    "x": 8,
    "y": 8,
  },
  "groupLayout": Object {
    "_class": "MSImmutableFreeformGroupLayout",
  },
  "hasClickThrough": false,
  "hasClippingMask": false,
  "isFixedToViewport": false,
  "isFlippedHorizontal": false,
  "isFlippedVertical": false,
  "isLocked": false,
  "isVisible": true,
  "layerListExpandedType": 0,
  "layers": Array [
    Object {
      "_class": "rectangle",
      "booleanOperation": -1,
      "clippingMaskMode": 0,
      "do_objectID": "UUID",
      "edited": false,
      "exportOptions": Object {
        "_class": "exportOptions",
        "exportFormats": Array [],
        "includedLayerIds": Array [],
        "layerOptions": 0,
        "shouldTrim": false,
      },
      "fixedRadius": 0,
      "frame": Object {
        "_class": "rect",
        "constrainProportions": false,
        "height": 300,
        "width": 271.42134273951876,
        "x": 0,
        "y": 0,
      },
      "hasClippingMask": true,
      "hasConvertedToNewRoundCorners": true,
      "isClosed": true,
      "isFixedToViewport": false,
      "isFlippedHorizontal": false,
      "isFlippedVertical": false,
      "isLocked": false,
      "isVisible": true,
      "layerListExpandedType": 0,
      "name": "容器",
      "nameIsFixed": false,
      "needsConvertionToNewRoundCorners": false,
      "pointRadiusBehaviour": 1,
      "points": Array [
        Object {
          "_class": "curvePoint",
          "cornerRadius": 0,
          "curveFrom": "{0, 0}",
          "curveMode": 1,
          "curveTo": "{0, 0}",
          "hasCurveFrom": false,
          "hasCurveTo": false,
          "point": "{0, 0}",
        },
        Object {
          "_class": "curvePoint",
          "cornerRadius": 0,
          "curveFrom": "{1, 0}",
          "curveMode": 1,
          "curveTo": "{1, 0}",
          "hasCurveFrom": false,
          "hasCurveTo": false,
          "point": "{1, 0}",
        },
        Object {
          "_class": "curvePoint",
          "cornerRadius": 0,
          "curveFrom": "{1, 1}",
          "curveMode": 1,
          "curveTo": "{1, 1}",
          "hasCurveFrom": false,
          "hasCurveTo": false,
          "point": "{1, 1}",
        },
        Object {
          "_class": "curvePoint",
          "cornerRadius": 0,
          "curveFrom": "{0, 1}",
          "curveMode": 1,
          "curveTo": "{0, 1}",
          "hasCurveFrom": false,
          "hasCurveTo": false,
          "point": "{0, 1}",
        },
      ],
      "resizingConstraint": 63,
      "resizingType": 0,
      "rotation": 0,
      "shouldBreakMaskChain": false,
      "style": Object {
        "_class": "style",
        "borderOptions": Object {
          "_class": "borderOptions",
          "dashPattern": Array [],
          "isEnabled": true,
          "lineCapStyle": 0,
          "lineJoinStyle": 0,
        },
        "borders": Array [],
        "colorControls": Object {
          "_class": "colorControls",
          "brightness": 0,
          "contrast": 1,
          "hue": 0,
          "isEnabled": false,
          "saturation": 1,
        },
        "contextSettings": Object {
          "_class": "graphicsContextSettings",
          "blendMode": 0,
          "opacity": 1,
        },
        "do_objectID": "UUID",
        "endMarkerType": 0,
        "fills": Array [],
        "innerShadows": Array [],
        "miterLimit": 10,
        "shadows": Array [],
        "startMarkerType": 0,
        "windingRule": 1,
      },
    },
    Object {
      "_class": "shapeGroup",
      "booleanOperation": -1,
      "clippingMaskMode": 0,
      "do_objectID": "UUID",
      "exportOptions": Object {
        "_class": "exportOptions",
        "exportFormats": Array [],
        "includedLayerIds": Array [],
        "layerOptions": 0,
        "shouldTrim": false,
      },
      "frame": Object {
        "_class": "rect",
        "constrainProportions": false,
        "height": 300.0000540451304,
        "width": 271.42134273951876,
        "x": -22.107155840710572,
        "y": -22.107155840710572,
      },
      "hasClickThrough": false,
      "hasClippingMask": false,
      "isFixedToViewport": false,
      "isFlippedHorizontal": false,
      "isFlippedVertical": false,
      "isLocked": false,
      "isVisible": true,
      "layerListExpandedType": 0,
      "layers": Array [
        Object {
          "_class": "shapePath",
          "booleanOperation": -1,
          "clippingMaskMode": 0,
          "do_objectID": "UUID",
          "edited": true,
          "exportOptions": Object {
            "_class": "exportOptions",
            "exportFormats": Array [],
            "includedLayerIds": Array [],
            "layerOptions": 0,
            "shouldTrim": false,
          },
          "frame": Object {
            "_class": "rect",
            "constrainProportions": false,
            "height": 198.30711517741997,
            "width": 271.3174391070674,
            "x": 0,
            "y": 101.69293886771041,
          },
          "isClosed": true,
          "isFixedToViewport": false,
          "isFlippedHorizontal": false,
          "isFlippedVertical": false,
          "isLocked": false,
          "isVisible": true,
          "layerListExpandedType": 0,
          "name": "路径",
          "nameIsFixed": false,
          "pointRadiusBehaviour": 1,
          "points": Array [
            Object {
              "_class": "curvePoint",
              "cornerRadius": 0,
              "curveFrom": "{0.6980023629425426, -0.0204658685926011}",
              "curveMode": 4,
              "curveTo": "{0.09400573081467196, 0.004399608906069858}",
              "hasCurveFrom": true,
              "hasCurveTo": false,
              "point": "{0.09400573081467196, 0.004399608906069858}",
            },
            Object {
              "_class": "curvePoint",
              "cornerRadius": 0,
              "curveFrom": "{1, 0.5249061615374071}",
              "curveMode": 3,
              "curveTo": "{1, 0.06006869930547059}",
              "hasCurveFrom": true,
              "hasCurveTo": true,
              "point": "{1, 0.24600331260028513}",
            },
            Object {
              "_class": "curvePoint",
              "cornerRadius": 0,
              "curveFrom": "{0.7902671211483357, 0.9941786454228836}",
              "curveMode": 3,
              "curveTo": "{0.9541045941578282, 0.7606869251971878}",
              "hasCurveFrom": true,
              "hasCurveTo": true,
              "point": "{0.8986786533943534, 0.8396737875915317}",
            },
            Object {
              "_class": "curvePoint",
              "cornerRadius": 0,
              "curveFrom": "{0.25688173065171044, 0.820287522014222}",
              "curveMode": 3,
              "curveTo": "{0.5121447098605321, 1.012554164548779}",
              "hasCurveFrom": true,
              "hasCurveTo": true,
              "point": "{0.32066488314298514, 0.9941786454228836}",
            },
            Object {
              "_class": "curvePoint",
              "cornerRadius": 0,
              "curveFrom": "{0, 0.5423285318957002}",
              "curveMode": 4,
              "curveTo": "{0.14999253092874507, 0.6696714368350944}",
              "hasCurveFrom": false,
              "hasCurveTo": true,
              "point": "{0, 0.5423285318957002}",
            },
            Object {
              "_class": "curvePoint",
              "cornerRadius": 0,
              "curveFrom": "{0.6980023629425426, -0.0204658685926011}",
              "curveMode": 4,
              "curveTo": "{0.09400573081467196, 0.004397750916269402}",
              "hasCurveFrom": true,
              "hasCurveTo": false,
              "point": "{0.09400573081467196, 0.004397750916269402}",
            },
          ],
          "resizingConstraint": 63,
          "resizingType": 0,
          "rotation": 0,
          "shouldBreakMaskChain": false,
          "style": Object {
            "_class": "style",
            "borderOptions": Object {
              "_class": "borderOptions",
              "dashPattern": Array [],
              "isEnabled": true,
              "lineCapStyle": 0,
              "lineJoinStyle": 0,
            },
            "borders": Array [],
            "colorControls": Object {
              "_class": "colorControls",
              "brightness": 0,
              "contrast": 1,
              "hue": 0,
              "isEnabled": false,
              "saturation": 1,
            },
            "contextSettings": Object {
              "_class": "graphicsContextSettings",
              "blendMode": 0,
              "opacity": 1,
            },
            "do_objectID": "UUID",
            "endMarkerType": 0,
            "fills": Array [],
            "innerShadows": Array [],
            "miterLimit": 10,
            "shadows": Array [],
            "startMarkerType": 0,
            "windingRule": 1,
          },
        },
        Object {
          "_class": "shapePath",
          "booleanOperation": -1,
          "clippingMaskMode": 0,
          "do_objectID": "UUID",
          "edited": true,
          "exportOptions": Object {
            "_class": "exportOptions",
            "exportFormats": Array [],
            "includedLayerIds": Array [],
            "layerOptions": 0,
            "shouldTrim": false,
          },
          "frame": Object {
            "_class": "rect",
            "constrainProportions": false,
            "height": 84.49649724397459,
            "width": 103.40695835011837,
            "x": 104.7772335596451,
            "y": 145.81806302013223,
          },
          "isClosed": true,
          "isFixedToViewport": false,
          "isFlippedHorizontal": false,
          "isFlippedVertical": false,
          "isLocked": false,
          "isVisible": true,
          "layerListExpandedType": 0,
          "name": "路径",
          "nameIsFixed": false,
          "pointRadiusBehaviour": 1,
          "points": Array [
            Object {
              "_class": "curvePoint",
              "cornerRadius": 0,
              "curveFrom": "{0, 0}",
              "curveMode": 1,
              "curveTo": "{0, 0}",
              "hasCurveFrom": false,
              "hasCurveTo": false,
              "point": "{0, 0}",
            },
            Object {
              "_class": "curvePoint",
              "cornerRadius": 0,
              "curveFrom": "{1, 0}",
              "curveMode": 1,
              "curveTo": "{1, 0}",
              "hasCurveFrom": false,
              "hasCurveTo": false,
              "point": "{1, 0}",
            },
            Object {
              "_class": "curvePoint",
              "cornerRadius": 0,
              "curveFrom": "{1, 1}",
              "curveMode": 1,
              "curveTo": "{1, 1}",
              "hasCurveFrom": false,
              "hasCurveTo": false,
              "point": "{1, 1}",
            },
            Object {
              "_class": "curvePoint",
              "cornerRadius": 0,
              "curveFrom": "{0, 1}",
              "curveMode": 1,
              "curveTo": "{0, 1}",
              "hasCurveFrom": false,
              "hasCurveTo": false,
              "point": "{0, 1}",
            },
          ],
          "resizingConstraint": 63,
          "resizingType": 0,
          "rotation": 0,
          "shouldBreakMaskChain": false,
          "style": Object {
            "_class": "style",
            "borderOptions": Object {
              "_class": "borderOptions",
              "dashPattern": Array [],
              "isEnabled": true,
              "lineCapStyle": 0,
              "lineJoinStyle": 0,
            },
            "borders": Array [],
            "colorControls": Object {
              "_class": "colorControls",
              "brightness": 0,
              "contrast": 1,
              "hue": 0,
              "isEnabled": false,
              "saturation": 1,
            },
            "contextSettings": Object {
              "_class": "graphicsContextSettings",
              "blendMode": 0,
              "opacity": 1,
            },
            "do_objectID": "UUID",
            "endMarkerType": 0,
            "fills": Array [],
            "innerShadows": Array [],
            "miterLimit": 10,
            "shadows": Array [],
            "startMarkerType": 0,
            "windingRule": 1,
          },
        },
        Object {
          "_class": "shapePath",
          "booleanOperation": -1,
          "clippingMaskMode": 0,
          "do_objectID": "UUID",
          "edited": true,
          "exportOptions": Object {
            "_class": "exportOptions",
            "exportFormats": Array [],
            "includedLayerIds": Array [],
            "layerOptions": 0,
            "shouldTrim": false,
          },
          "frame": Object {
            "_class": "rect",
            "constrainProportions": false,
            "height": 84.49649724397457,
            "width": 103.40695835011842,
            "x": 168.01438438940036,
            "y": 0,
          },
          "isClosed": true,
          "isFixedToViewport": false,
          "isFlippedHorizontal": false,
          "isFlippedVertical": false,
          "isLocked": false,
          "isVisible": true,
          "layerListExpandedType": 0,
          "name": "路径",
          "nameIsFixed": false,
          "pointRadiusBehaviour": 1,
          "points": Array [
            Object {
              "_class": "curvePoint",
              "cornerRadius": 0,
              "curveFrom": "{0, 0}",
              "curveMode": 1,
              "curveTo": "{0, 0}",
              "hasCurveFrom": false,
              "hasCurveTo": false,
              "point": "{0, 0}",
            },
            Object {
              "_class": "curvePoint",
              "cornerRadius": 0,
              "curveFrom": "{0.8404750367002553, 0}",
              "curveMode": 4,
              "curveTo": "{0.6436868434930092, 0}",
              "hasCurveFrom": true,
              "hasCurveTo": false,
              "point": "{0.6436868434930092, 0}",
            },
            Object {
              "_class": "curvePoint",
              "cornerRadius": 0,
              "curveFrom": "{1, 0.43605665248029024}",
              "curveMode": 4,
              "curveTo": "{1, 0.19523128444847554}",
              "hasCurveFrom": false,
              "hasCurveTo": true,
              "point": "{1, 0.43605665248029024}",
            },
            Object {
              "_class": "curvePoint",
              "cornerRadius": 0,
              "curveFrom": "{1, 1}",
              "curveMode": 1,
              "curveTo": "{1, 1}",
              "hasCurveFrom": false,
              "hasCurveTo": false,
              "point": "{1, 1}",
            },
            Object {
              "_class": "curvePoint",
              "cornerRadius": 0,
              "curveFrom": "{0, 1}",
              "curveMode": 1,
              "curveTo": "{0, 1}",
              "hasCurveFrom": false,
              "hasCurveTo": false,
              "point": "{0, 1}",
            },
          ],
          "resizingConstraint": 63,
          "resizingType": 0,
          "rotation": 0,
          "shouldBreakMaskChain": false,
          "style": Object {
            "_class": "style",
            "borderOptions": Object {
              "_class": "borderOptions",
              "dashPattern": Array [],
              "isEnabled": true,
              "lineCapStyle": 0,
              "lineJoinStyle": 0,
            },
            "borders": Array [],
            "colorControls": Object {
              "_class": "colorControls",
              "brightness": 0,
              "contrast": 1,
              "hue": 0,
              "isEnabled": false,
              "saturation": 1,
            },
            "contextSettings": Object {
              "_class": "graphicsContextSettings",
              "blendMode": 0,
              "opacity": 1,
            },
            "do_objectID": "UUID",
            "endMarkerType": 0,
            "fills": Array [],
            "innerShadows": Array [],
            "miterLimit": 10,
            "shadows": Array [],
            "startMarkerType": 0,
            "windingRule": 1,
          },
        },
        Object {
          "_class": "shapePath",
          "booleanOperation": -1,
          "clippingMaskMode": 0,
          "do_objectID": "UUID",
          "edited": true,
          "exportOptions": Object {
            "_class": "exportOptions",
            "exportFormats": Array [],
            "includedLayerIds": Array [],
            "layerOptions": 0,
            "shouldTrim": false,
          },
          "frame": Object {
            "_class": "rect",
            "constrainProportions": false,
            "height": 84.49649724397457,
            "width": 103.40695835011839,
            "x": 23.580966230091278,
            "y": 0,
          },
          "isClosed": false,
          "isFixedToViewport": false,
          "isFlippedHorizontal": false,
          "isFlippedVertical": false,
          "isLocked": false,
          "isVisible": true,
          "layerListExpandedType": 0,
          "name": "路径",
          "nameIsFixed": false,
          "pointRadiusBehaviour": 1,
          "points": Array [
            Object {
              "_class": "curvePoint",
              "cornerRadius": 0,
              "curveFrom": "{0, 0}",
              "curveMode": 1,
              "curveTo": "{0, 0}",
              "hasCurveFrom": false,
              "hasCurveTo": false,
              "point": "{0, 0}",
            },
            Object {
              "_class": "curvePoint",
              "cornerRadius": 0,
              "curveFrom": "{0.840475036700255, 0}",
              "curveMode": 4,
              "curveTo": "{0.6436868434930091, 0}",
              "hasCurveFrom": true,
              "hasCurveTo": false,
              "point": "{0.6436868434930091, 0}",
            },
            Object {
              "_class": "curvePoint",
              "cornerRadius": 0,
              "curveFrom": "{1, 0.43605665248029024}",
              "curveMode": 4,
              "curveTo": "{1, 0.19523128444847554}",
              "hasCurveFrom": false,
              "hasCurveTo": true,
              "point": "{1, 0.43605665248029024}",
            },
            Object {
              "_class": "curvePoint",
              "cornerRadius": 0,
              "curveFrom": "{1, 1}",
              "curveMode": 1,
              "curveTo": "{1, 1}",
              "hasCurveFrom": false,
              "hasCurveTo": false,
              "point": "{1, 1}",
            },
            Object {
              "_class": "curvePoint",
              "cornerRadius": 0,
              "curveFrom": "{0, 1}",
              "curveMode": 1,
              "curveTo": "{0, 1}",
              "hasCurveFrom": false,
              "hasCurveTo": false,
              "point": "{0, 1}",
            },
          ],
          "resizingConstraint": 63,
          "resizingType": 0,
          "rotation": 0,
          "shouldBreakMaskChain": false,
          "style": Object {
            "_class": "style",
            "borderOptions": Object {
              "_class": "borderOptions",
              "dashPattern": Array [],
              "isEnabled": true,
              "lineCapStyle": 0,
              "lineJoinStyle": 0,
            },
            "borders": Array [],
            "colorControls": Object {
              "_class": "colorControls",
              "brightness": 0,
              "contrast": 1,
              "hue": 0,
              "isEnabled": false,
              "saturation": 1,
            },
            "contextSettings": Object {
              "_class": "graphicsContextSettings",
              "blendMode": 0,
              "opacity": 1,
            },
            "do_objectID": "UUID",
            "endMarkerType": 0,
            "fills": Array [],
            "innerShadows": Array [],
            "miterLimit": 10,
            "shadows": Array [],
            "startMarkerType": 0,
            "windingRule": 1,
          },
        },
      ],
      "name": "shapeGroup",
      "nameIsFixed": false,
      "resizingConstraint": 63,
      "resizingType": 0,
      "rotation": 0,
      "shouldBreakMaskChain": false,
      "style": Object {
        "_class": "style",
        "borderOptions": Object {
          "_class": "borderOptions",
          "dashPattern": Array [],
          "isEnabled": true,
          "lineCapStyle": 0,
          "lineJoinStyle": 0,
        },
        "borders": Array [
          Object {
            "_class": "border",
            "color": Object {
              "_class": "color",
              "alpha": 1,
              "blue": 0,
              "green": 0,
              "red": 0,
            },
            "contextSettings": Object {
              "_class": "graphicsContextSettings",
              "blendMode": 0,
              "opacity": 1,
            },
            "fillType": 0,
            "gradient": Object {
              "_class": "gradient",
              "elipseLength": 0,
              "from": "{0.5, 0}",
              "gradientType": 0,
              "stops": Array [],
              "to": "{0.5, 1}",
            },
            "isEnabled": true,
            "position": 1,
            "thickness": 0,
          },
        ],
        "colorControls": Object {
          "_class": "colorControls",
          "brightness": 0,
          "contrast": 1,
          "hue": 0,
          "isEnabled": false,
          "saturation": 1,
        },
        "contextSettings": Object {
          "_class": "graphicsContextSettings",
          "blendMode": 0,
          "opacity": 1,
        },
        "do_objectID": "UUID",
        "endMarkerType": 0,
        "fills": Array [],
        "innerShadows": Array [],
        "miterLimit": 10,
        "shadows": Array [],
        "startMarkerType": 0,
        "windingRule": 1,
      },
      "windingRule": 1,
    },
  ],
  "name": "up-circle",
  "nameIsFixed": false,
  "resizingConstraint": 63,
  "resizingType": 0,
  "rotation": 0,
  "shouldBreakMaskChain": false,
  "style": Object {
    "_class": "style",
    "borderOptions": Object {
      "_class": "borderOptions",
      "dashPattern": Array [],
      "isEnabled": true,
      "lineCapStyle": 0,
      "lineJoinStyle": 0,
    },
    "borders": Array [],
    "colorControls": Object {
      "_class": "colorControls",
      "brightness": 0,
      "contrast": 1,
      "hue": 0,
      "isEnabled": false,
      "saturation": 1,
    },
    "contextSettings": Object {
      "_class": "graphicsContextSettings",
      "blendMode": 0,
      "opacity": 1,
    },
    "do_objectID": "UUID",
    "endMarkerType": 0,
    "fills": Array [],
    "innerShadows": Array [],
    "miterLimit": 10,
    "shadows": Array [],
    "startMarkerType": 0,
    "windingRule": 1,
  },
}
`;
